<html>
<body>
<pre>
<h1>µVision Build Log</h1>
<h2>Tool Versions:</h2>
IDE-Version: ¦ÌVision V5.30.0.0
Copyright (C) 2020 ARM Ltd and ARM Germany GmbH. All rights reserved.
License Information: asda Stone, asdasda, LIC=MPPLD-8IU8J-Y8CFK-ZS2AC-PG19W-YN72R
 
Tool Versions:
Toolchain:       MDK-ARM Plus  Version: 5.30.0.0
Toolchain Path:  D:\Keil_v5\ARM\ARMCLANG\Bin
C Compiler:      ArmClang.exe V6.14
Assembler:       Armasm.exe V6.14
Linker/Locator:  ArmLink.exe V6.14
Library Manager: ArmAr.exe V6.14
Hex Converter:   FromElf.exe V6.14
CPU DLL:         SARMCM3.DLL V5.30.0.0
Dialog DLL:      DARMSTM.DLL V1.68.0.0
Target DLL:      Segger\JL2CM3.dll V2.99.38.0
Dialog DLL:      TARMSTM.DLL V1.66.0.0
 
<h2>Project:</h2>
C:\Users\Stone\Desktop\STM32 ´úÂëÑ§Ï°\01_Stand Temp\Project\Temp.uvprojx
Project File Date:  06/12/2021

<h2>Output:</h2>
*** Using Compiler 'V6.14', folder: 'D:\Keil_v5\ARM\ARMCLANG\Bin'
Rebuild target 'Target 1'
../Libraries/STMLIB/src/stm32f10x_bkp.c(23): warning: In file included from...
../Libraries/STMLIB/inc\stm32f10x_bkp.h(32): warning: In file included from...
../Libraries/SYSTEM\stm32f10x.h(478): warning: In file included from...
../Libraries/DRIVER/CMISIS\core_cm3.h(1720): warning: function 'NVIC_SystemReset' could be declared with attribute 'noreturn' [-Wmissing-noreturn]
{
^
1 warning generated.
compiling stm32f10x_bkp.c...
../Libraries/STMLIB/src/stm32f10x_adc.c(23): warning: In file included from...
../Libraries/STMLIB/inc\stm32f10x_adc.h(32): warning: In file included from...
../Libraries/SYSTEM\stm32f10x.h(478): warning: In file included from...
../Libraries/DRIVER/CMISIS\core_cm3.h(1720): warning: function 'NVIC_SystemReset' could be declared with attribute 'noreturn' [-Wmissing-noreturn]
{
^
../Libraries/STMLIB/src/stm32f10x_adc.c(23): warning: In file included from...
../Libraries/STMLIB/inc\stm32f10x_adc.h(64): warning: padding struct 'ADC_InitTypeDef' with 2 bytes to align 'ADC_ExternalTrigConv' [-Wpadded]
  uint32_t ADC_ExternalTrigConv;          /*!< Defines the external trigger used to start the analog
           ^
../Libraries/STMLIB/inc\stm32f10x_adc.h(50): warning: padding size of 'ADC_InitTypeDef' with 3 bytes to alignment boundary [-Wpadded]
typedef struct
        ^
3 warnings generated.
compiling stm32f10x_adc.c...
assembling startup_stm32f10x_hd.s...
../Libraries/STMLIB/src/stm32f10x_cec.c(23): warning: In file included from...
../Libraries/STMLIB/inc\stm32f10x_cec.h(32): warning: In file included from...
../Libraries/SYSTEM\stm32f10x.h(478): warning: In file included from...
../Libraries/DRIVER/CMISIS\core_cm3.h(1720): warning: function 'NVIC_SystemReset' could be declared with attribute 'noreturn' [-Wmissing-noreturn]
{
^
../Libraries/STMLIB/src/stm32f10x_cec.c(145): warning: implicit conversion loses integer precision: 'volatile uint32_t' (aka 'volatile unsigned int') to 'uint16_t' (aka 'unsigned short') [-Wimplicit-int-conversion]
  tmpreg = CEC->CFGR;
         ~ ~~~~~^~~~
2 warnings generated.
compiling stm32f10x_cec.c...
../Libraries/SYSTEM/system_stm32f10x.c(65): warning: In file included from...
../Libraries/SYSTEM/stm32f10x.h(478): warning: In file included from...
../Libraries/DRIVER/CMISIS\core_cm3.h(1720): warning: function 'NVIC_SystemReset' could be declared with attribute 'noreturn' [-Wmissing-noreturn]
{
^
../Libraries/SYSTEM/system_stm32f10x.c(167): warning: no previous extern declaration for non-static variable 'AHBPrescTable' [-Wmissing-variable-declarations]
__I uint8_t AHBPrescTable[16] = {0, 0, 0, 0, 0, 0, 0, 0, 1, 2, 3, 4, 6, 7, 8, 9};
            ^
../Libraries/SYSTEM/system_stm32f10x.c(167): note: declare 'static' if the variable is not intended to be used outside of this translation unit
__I uint8_t AHBPrescTable[16] = {0, 0, 0, 0, 0, 0, 0, 0, 1, 2, 3, 4, 6, 7, 8, 9};
    ^
2 warnings generated.
compiling system_stm32f10x.c...
../Libraries/STMLIB/src/stm32f10x_dbgmcu.c(23): warning: In file included from...
../Libraries/STMLIB/inc\stm32f10x_dbgmcu.h(32): warning: In file included from...
../Libraries/SYSTEM\stm32f10x.h(478): warning: In file included from...
../Libraries/DRIVER/CMISIS\core_cm3.h(1720): warning: function 'NVIC_SystemReset' could be declared with attribute 'noreturn' [-Wmissing-noreturn]
{
^
1 warning generated.
compiling stm32f10x_dbgmcu.c...
../Libraries/STMLIB/src/stm32f10x_crc.c(23): warning: In file included from...
../Libraries/STMLIB/inc\stm32f10x_crc.h(32): warning: In file included from...
../Libraries/SYSTEM\stm32f10x.h(478): warning: In file included from...
../Libraries/DRIVER/CMISIS\core_cm3.h(1720): warning: function 'NVIC_SystemReset' could be declared with attribute 'noreturn' [-Wmissing-noreturn]
{
^
1 warning generated.
compiling stm32f10x_crc.c...
../Libraries/STMLIB/src/stm32f10x_dac.c(23): warning: In file included from...
../Libraries/STMLIB/inc\stm32f10x_dac.h(32): warning: In file included from...
../Libraries/SYSTEM\stm32f10x.h(478): warning: In file included from...
../Libraries/DRIVER/CMISIS\core_cm3.h(1720): warning: function 'NVIC_SystemReset' could be declared with attribute 'noreturn' [-Wmissing-noreturn]
{
^
1 warning generated.
compiling stm32f10x_dac.c...
../Libraries/STMLIB/src/misc.c(24): warning: In file included from...
../Libraries/STMLIB/inc\misc.h(32): warning: In file included from...
../Libraries/SYSTEM\stm32f10x.h(478): warning: In file included from...
../Libraries/DRIVER/CMISIS\core_cm3.h(1720): warning: function 'NVIC_SystemReset' could be declared with attribute 'noreturn' [-Wmissing-noreturn]
{
^
../Libraries/STMLIB/src/misc.c(132): warning: implicit conversion loses integer precision: 'uint32_t' (aka 'unsigned int') to 'uint8_t' (aka 'unsigned char') [-Wimplicit-int-conversion]
    NVIC->IP[NVIC_InitStruct->NVIC_IRQChannel] = tmppriority;
                                               ~ ^~~~~~~~~~~
2 warnings generated.
compiling misc.c...
../Libraries/STMLIB/src/stm32f10x_exti.c(23): warning: In file included from...
../Libraries/STMLIB/inc\stm32f10x_exti.h(32): warning: In file included from...
../Libraries/SYSTEM\stm32f10x.h(478): warning: In file included from...
../Libraries/DRIVER/CMISIS\core_cm3.h(1720): warning: function 'NVIC_SystemReset' could be declared with attribute 'noreturn' [-Wmissing-noreturn]
{
^
../Libraries/STMLIB/src/stm32f10x_exti.c(23): warning: In file included from...
../Libraries/STMLIB/inc\stm32f10x_exti.h(76): warning: padding size of 'EXTI_InitTypeDef' with 1 byte to alignment boundary [-Wpadded]
typedef struct
        ^
2 warnings generated.
compiling stm32f10x_exti.c...
../Libraries/STMLIB/src/stm32f10x_dma.c(23): warning: In file included from...
../Libraries/STMLIB/inc\stm32f10x_dma.h(32): warning: In file included from...
../Libraries/SYSTEM\stm32f10x.h(478): warning: In file included from...
../Libraries/DRIVER/CMISIS\core_cm3.h(1720): warning: function 'NVIC_SystemReset' could be declared with attribute 'noreturn' [-Wmissing-noreturn]
{
^
1 warning generated.
compiling stm32f10x_dma.c...
../Libraries/STMLIB/src/stm32f10x_can.c(23): warning: In file included from...
../Libraries/STMLIB/inc\stm32f10x_can.h(32): warning: In file included from...
../Libraries/SYSTEM\stm32f10x.h(478): warning: In file included from...
../Libraries/DRIVER/CMISIS\core_cm3.h(1720): warning: function 'NVIC_SystemReset' could be declared with attribute 'noreturn' [-Wmissing-noreturn]
{
^
../Libraries/STMLIB/src/stm32f10x_can.c(23): warning: In file included from...
../Libraries/STMLIB/inc\stm32f10x_can.h(145): warning: padding size of 'CanTxMsg' with 1 byte to alignment boundary [-Wpadded]
typedef struct
        ^
2 warnings generated.
compiling stm32f10x_can.c...
../Libraries/STMLIB/src/stm32f10x_flash.c(23): warning: In file included from...
../Libraries/STMLIB/inc\stm32f10x_flash.h(32): warning: In file included from...
../Libraries/SYSTEM\stm32f10x.h(478): warning: In file included from...
../Libraries/DRIVER/CMISIS\core_cm3.h(1720): warning: function 'NVIC_SystemReset' could be declared with attribute 'noreturn' [-Wmissing-noreturn]
{
^
1 warning generated.
compiling stm32f10x_flash.c...
../Libraries/STMLIB/src/stm32f10x_fsmc.c(23): warning: In file included from...
../Libraries/STMLIB/inc\stm32f10x_fsmc.h(32): warning: In file included from...
../Libraries/SYSTEM\stm32f10x.h(478): warning: In file included from...
../Libraries/DRIVER/CMISIS\core_cm3.h(1720): warning: function 'NVIC_SystemReset' could be declared with attribute 'noreturn' [-Wmissing-noreturn]
{
^
1 warning generated.
compiling stm32f10x_fsmc.c...
../Libraries/STMLIB/src/stm32f10x_gpio.c(23): warning: In file included from...
../Libraries/STMLIB/inc\stm32f10x_gpio.h(32): warning: In file included from...
../Libraries/SYSTEM\stm32f10x.h(478): warning: In file included from...
../Libraries/DRIVER/CMISIS\core_cm3.h(1720): warning: function 'NVIC_SystemReset' could be declared with attribute 'noreturn' [-Wmissing-noreturn]
{
^
1 warning generated.
compiling stm32f10x_gpio.c...
../Libraries/STMLIB/src/stm32f10x_i2c.c(23): warning: In file included from...
../Libraries/STMLIB/inc\stm32f10x_i2c.h(32): warning: In file included from...
../Libraries/SYSTEM\stm32f10x.h(478): warning: In file included from...
../Libraries/DRIVER/CMISIS\core_cm3.h(1720): warning: function 'NVIC_SystemReset' could be declared with attribute 'noreturn' [-Wmissing-noreturn]
{
^
../Libraries/STMLIB/src/stm32f10x_i2c.c(23): warning: In file included from...
../Libraries/STMLIB/inc\stm32f10x_i2c.h(50): warning: padding size of 'I2C_InitTypeDef' with 2 bytes to alignment boundary [-Wpadded]
typedef struct
        ^
2 warnings generated.
compiling stm32f10x_i2c.c...
../Libraries/STMLIB/src/stm32f10x_iwdg.c(23): warning: In file included from...
../Libraries/STMLIB/inc\stm32f10x_iwdg.h(32): warning: In file included from...
../Libraries/SYSTEM\stm32f10x.h(478): warning: In file included from...
../Libraries/DRIVER/CMISIS\core_cm3.h(1720): warning: function 'NVIC_SystemReset' could be declared with attribute 'noreturn' [-Wmissing-noreturn]
{
^
1 warning generated.
compiling stm32f10x_iwdg.c...
../Libraries/STMLIB/src/stm32f10x_pwr.c(23): warning: In file included from...
../Libraries/STMLIB/inc\stm32f10x_pwr.h(32): warning: In file included from...
../Libraries/SYSTEM\stm32f10x.h(478): warning: In file included from...
../Libraries/DRIVER/CMISIS\core_cm3.h(1720): warning: function 'NVIC_SystemReset' could be declared with attribute 'noreturn' [-Wmissing-noreturn]
{
^
1 warning generated.
compiling stm32f10x_pwr.c...
../Libraries/STMLIB/src/stm32f10x_rcc.c(23): warning: In file included from...
../Libraries/STMLIB/inc\stm32f10x_rcc.h(32): warning: In file included from...
../Libraries/SYSTEM\stm32f10x.h(478): warning: In file included from...
../Libraries/DRIVER/CMISIS\core_cm3.h(1720): warning: function 'NVIC_SystemReset' could be declared with attribute 'noreturn' [-Wmissing-noreturn]
{
^
1 warning generated.
compiling stm32f10x_rcc.c...
../Libraries/STMLIB/src/stm32f10x_rtc.c(23): warning: In file included from...
../Libraries/STMLIB/inc\stm32f10x_rtc.h(32): warning: In file included from...
../Libraries/SYSTEM\stm32f10x.h(478): warning: In file included from...
../Libraries/DRIVER/CMISIS\core_cm3.h(1720): warning: function 'NVIC_SystemReset' could be declared with attribute 'noreturn' [-Wmissing-noreturn]
{
^
1 warning generated.
compiling stm32f10x_rtc.c...
../Libraries/STMLIB/src/stm32f10x_sdio.c(23): warning: In file included from...
../Libraries/STMLIB/inc\stm32f10x_sdio.h(32): warning: In file included from...
../Libraries/SYSTEM\stm32f10x.h(478): warning: In file included from...
../Libraries/DRIVER/CMISIS\core_cm3.h(1720): warning: function 'NVIC_SystemReset' could be declared with attribute 'noreturn' [-Wmissing-noreturn]
{
^
../Libraries/STMLIB/src/stm32f10x_sdio.c(23): warning: In file included from...
../Libraries/STMLIB/inc\stm32f10x_sdio.h(46): warning: padding size of 'SDIO_InitTypeDef' with 3 bytes to alignment boundary [-Wpadded]
typedef struct
        ^
2 warnings generated.
compiling stm32f10x_sdio.c...
../Libraries/STMLIB/src/stm32f10x_spi.c(23): warning: In file included from...
../Libraries/STMLIB/inc\stm32f10x_spi.h(32): warning: In file included from...
../Libraries/SYSTEM\stm32f10x.h(478): warning: In file included from...
../Libraries/DRIVER/CMISIS\core_cm3.h(1720): warning: function 'NVIC_SystemReset' could be declared with attribute 'noreturn' [-Wmissing-noreturn]
{
^
../Libraries/STMLIB/src/stm32f10x_spi.c(23): warning: In file included from...
../Libraries/STMLIB/inc\stm32f10x_spi.h(87): warning: padding size of 'I2S_InitTypeDef' with 2 bytes to alignment boundary [-Wpadded]
typedef struct
        ^
../Libraries/STMLIB/src/stm32f10x_spi.c(494): warning: implicit conversion loses integer precision: 'int' to 'uint16_t' (aka 'unsigned short') [-Wimplicit-int-conversion]
  itmask = (uint16_t)1 << (uint16_t)itpos;
         ~ ~~~~~~~~~~~~^~~~~~~~~~~~~~~~~~
../Libraries/STMLIB/src/stm32f10x_spi.c(839): warning: implicit conversion loses integer precision: 'int' to 'uint16_t' (aka 'unsigned short') [-Wimplicit-int-conversion]
  itpos = 0x01 << (SPI_I2S_IT & 0x0F);
        ~ ~~~~~^~~~~~~~~~~~~~~~~~~~~~
../Libraries/STMLIB/src/stm32f10x_spi.c(845): warning: implicit conversion loses integer precision: 'int' to 'uint16_t' (aka 'unsigned short') [-Wimplicit-int-conversion]
  itmask = 0x01 << itmask;
         ~ ~~~~~^~~~~~~~~
../Libraries/STMLIB/src/stm32f10x_spi.c(891): warning: implicit conversion loses integer precision: 'int' to 'uint16_t' (aka 'unsigned short') [-Wimplicit-int-conversion]
  itpos = 0x01 << (SPI_I2S_IT & 0x0F);
        ~ ~~~~~^~~~~~~~~~~~~~~~~~~~~~
6 warnings generated.
compiling stm32f10x_spi.c...
../Libraries/STMLIB/src/stm32f10x_usart.c(23): warning: In file included from...
../Libraries/STMLIB/inc\stm32f10x_usart.h(32): warning: In file included from...
../Libraries/SYSTEM\stm32f10x.h(478): warning: In file included from...
../Libraries/DRIVER/CMISIS\core_cm3.h(1720): warning: function 'NVIC_SystemReset' could be declared with attribute 'noreturn' [-Wmissing-noreturn]
{
^
../Libraries/STMLIB/src/stm32f10x_usart.c(23): warning: In file included from...
../Libraries/STMLIB/inc\stm32f10x_usart.h(50): warning: padding size of 'USART_InitTypeDef' with 2 bytes to alignment boundary [-Wpadded]
typedef struct
        ^
../Libraries/STMLIB/src/stm32f10x_usart.c(1043): warning: implicit conversion loses integer precision: 'int' to 'uint16_t' (aka 'unsigned short') [-Wimplicit-int-conversion]
  itmask = ((uint16_t)0x01 << (uint16_t)bitpos);
         ~  ~~~~~~~~~~~~~~~^~~~~~~~~~~~~~~~~~~
3 warnings generated.
compiling stm32f10x_usart.c...
../Libraries/STMLIB/src/stm32f10x_tim.c(23): warning: In file included from...
../Libraries/STMLIB/inc\stm32f10x_tim.h(32): warning: In file included from...
../Libraries/SYSTEM\stm32f10x.h(478): warning: In file included from...
../Libraries/DRIVER/CMISIS\core_cm3.h(1720): warning: function 'NVIC_SystemReset' could be declared with attribute 'noreturn' [-Wmissing-noreturn]
{
^
../Libraries/STMLIB/src/stm32f10x_tim.c(23): warning: In file included from...
../Libraries/STMLIB/inc\stm32f10x_tim.h(51): warning: padding size of 'TIM_TimeBaseInitTypeDef' with 1 byte to alignment boundary [-Wpadded]
typedef struct
        ^
../Libraries/STMLIB/src/stm32f10x_tim.c(726): warning: implicit conversion loses integer precision: 'unsigned int' to 'uint16_t' (aka 'unsigned short') [-Wimplicit-int-conversion]
             TIM_BDTRInitStruct->TIM_Break | TIM_BDTRInitStruct->TIM_BreakPolarity |
             ~~~~~~~~~~~~~~~~~~~~~~~~~~~~~~~~~~~~~~~~~~~~~~~~~~~~~~~~~~~~~~~~~~~~~~^
../Libraries/STMLIB/src/stm32f10x_tim.c(1983): warning: implicit conversion loses integer precision: 'int' to 'uint16_t' (aka 'unsigned short') [-Wimplicit-int-conversion]
  tmp = CCER_CCE_Set << TIM_Channel;
      ~ ~~~~~~~~~~~~~^~~~~~~~~~~~~~
../Libraries/STMLIB/src/stm32f10x_tim.c(2013): warning: implicit conversion loses integer precision: 'int' to 'uint16_t' (aka 'unsigned short') [-Wimplicit-int-conversion]
  tmp = CCER_CCNE_Set << TIM_Channel;
      ~ ~~~~~~~~~~~~~~^~~~~~~~~~~~~~
../Libraries/STMLIB/src/stm32f10x_tim.c(2058): warning: implicit conversion loses integer precision: 'int' to 'uint16_t' (aka 'unsigned short') [-Wimplicit-int-conversion]
  tmp1 = CCER_CCE_Set << (uint16_t)TIM_Channel;
       ~ ~~~~~~~~~~~~~^~~~~~~~~~~~~~~~~~~~~~~~
6 warnings generated.
compiling stm32f10x_tim.c...
../Libraries/PROLIB/src/Exit_book.c(1): warning: ISO C requires a translation unit to contain at least one declaration [-Wempty-translation-unit]
1 warning generated.
compiling Exit_book.c...
../Libraries/PROLIB/src/Key_book.c(1): warning: ISO C requires a translation unit to contain at least one declaration [-Wempty-translation-unit]
1 warning generated.
compiling Key_book.c...
../Libraries/STMLIB/src/stm32f10x_wwdg.c(23): warning: In file included from...
../Libraries/STMLIB/inc\stm32f10x_wwdg.h(32): warning: In file included from...
../Libraries/SYSTEM\stm32f10x.h(478): warning: In file included from...
../Libraries/DRIVER/CMISIS\core_cm3.h(1720): warning: function 'NVIC_SystemReset' could be declared with attribute 'noreturn' [-Wmissing-noreturn]
{
^
1 warning generated.
compiling stm32f10x_wwdg.c...
../Libraries/PROLIB/src/RCC_book.c(1): warning: ISO C requires a translation unit to contain at least one declaration [-Wempty-translation-unit]
1 warning generated.
compiling RCC_book.c...
../Libraries/PROLIB/src/Led_book.c(1): warning: In file included from...
../Libraries/PROLIB/inc\Led_book.h(4): warning: In file included from...
../Libraries/SYSTEM\stm32f10x.h(478): warning: In file included from...
../Libraries/DRIVER/CMISIS\core_cm3.h(1720): warning: function 'NVIC_SystemReset' could be declared with attribute 'noreturn' [-Wmissing-noreturn]
{
^
1 warning generated.
compiling Led_book.c...
../User/main.c(16): warning: In file included from...
../Libraries/SYSTEM\stm32f10x.h(478): warning: In file included from...
../Libraries/DRIVER/CMISIS\core_cm3.h(1720): warning: function 'NVIC_SystemReset' could be declared with attribute 'noreturn' [-Wmissing-noreturn]
{
^
../User/main.c(17): warning: In file included from...
../Libraries/PROLIB/inc\PROJ_book.h(13): warning: no newline at end of file [-Wnewline-eof]
#endif
      ^
2 warnings generated.
compiling main.c...
../User/stm32f10x_it.c(25): warning: In file included from...
../User/stm32f10x_it.h(27): warning: In file included from...
../Libraries/SYSTEM\stm32f10x.h(478): warning: In file included from...
../Libraries/DRIVER/CMISIS\core_cm3.h(1720): warning: function 'NVIC_SystemReset' could be declared with attribute 'noreturn' [-Wmissing-noreturn]
{
^
../User/stm32f10x_it.c(61): warning: function 'HardFault_Handler' could be declared with attribute 'noreturn' [-Wmissing-noreturn]
{
^
../User/stm32f10x_it.c(74): warning: function 'MemManage_Handler' could be declared with attribute 'noreturn' [-Wmissing-noreturn]
{
^
../User/stm32f10x_it.c(87): warning: function 'BusFault_Handler' could be declared with attribute 'noreturn' [-Wmissing-noreturn]
{
^
../User/stm32f10x_it.c(100): warning: function 'UsageFault_Handler' could be declared with attribute 'noreturn' [-Wmissing-noreturn]
{
^
5 warnings generated.
compiling stm32f10x_it.c...
linking...
Program Size: Code=772 RO-data=320 RW-data=0 ZI-data=1024  
FromELF: creating hex file...
".\Output\Temp.axf" - 0 Error(s), 56 Warning(s).

<h2>Software Packages used:</h2>

Package Vendor: Keil
                http://www.keil.com/pack/Keil.STM32F1xx_DFP.1.1.0.pack
                Keil.STM32F1xx_DFP.1.1.0
                STMicroelectronics STM32F1 Series Device Support, Drivers and Examples

<h2>Collection of Component include folders:</h2>
  .\RTE\_Target_1
  D:\Users\Stone\AppData\Local\Arm\Packs\Keil\STM32F1xx_DFP\1.1.0\Device\Include

<h2>Collection of Component Files used:</h2>
Build Time Elapsed:  00:00:04
</pre>
</body>
</html>
